// Vitest Snapshot v1, https://vitest.dev/guide/snapshot.html

exports[`<TaskList /> > renders TaskList with label 1`] = `
<div>
  <div
    class="mt-6"
  />
</div>
`;
